Archive member included to satisfy reference by file (symbol)

c:/st/stm32cubeide_1.9.0/stm32cubeide/plugins/com.st.stm32cube.ide.mcu.externaltools.gnu-tools-for-stm32.10.3-2021.10.win32_1.0.0.202111181127/tools/bin/../lib/gcc/arm-none-eabi/10.3.1/../../../../arm-none-eabi/lib/thumb/v8-m.main+fp/hard\libc_nano.a(lib_a-errno.o)
                              ./Core/Src/syscalls.o (__errno)
c:/st/stm32cubeide_1.9.0/stm32cubeide/plugins/com.st.stm32cube.ide.mcu.externaltools.gnu-tools-for-stm32.10.3-2021.10.win32_1.0.0.202111181127/tools/bin/../lib/gcc/arm-none-eabi/10.3.1/../../../../arm-none-eabi/lib/thumb/v8-m.main+fp/hard\libc_nano.a(lib_a-exit.o)
                              c:/st/stm32cubeide_1.9.0/stm32cubeide/plugins/com.st.stm32cube.ide.mcu.externaltools.gnu-tools-for-stm32.10.3-2021.10.win32_1.0.0.202111181127/tools/bin/../lib/gcc/arm-none-eabi/10.3.1/../../../../arm-none-eabi/lib/thumb/v8-m.main+fp/hard/crt0.o (exit)
c:/st/stm32cubeide_1.9.0/stm32cubeide/plugins/com.st.stm32cube.ide.mcu.externaltools.gnu-tools-for-stm32.10.3-2021.10.win32_1.0.0.202111181127/tools/bin/../lib/gcc/arm-none-eabi/10.3.1/../../../../arm-none-eabi/lib/thumb/v8-m.main+fp/hard\libc_nano.a(lib_a-impure.o)
                              c:/st/stm32cubeide_1.9.0/stm32cubeide/plugins/com.st.stm32cube.ide.mcu.externaltools.gnu-tools-for-stm32.10.3-2021.10.win32_1.0.0.202111181127/tools/bin/../lib/gcc/arm-none-eabi/10.3.1/../../../../arm-none-eabi/lib/thumb/v8-m.main+fp/hard\libc_nano.a(lib_a-exit.o) (_global_impure_ptr)
c:/st/stm32cubeide_1.9.0/stm32cubeide/plugins/com.st.stm32cube.ide.mcu.externaltools.gnu-tools-for-stm32.10.3-2021.10.win32_1.0.0.202111181127/tools/bin/../lib/gcc/arm-none-eabi/10.3.1/../../../../arm-none-eabi/lib/thumb/v8-m.main+fp/hard\libc_nano.a(lib_a-init.o)
                              c:/st/stm32cubeide_1.9.0/stm32cubeide/plugins/com.st.stm32cube.ide.mcu.externaltools.gnu-tools-for-stm32.10.3-2021.10.win32_1.0.0.202111181127/tools/bin/../lib/gcc/arm-none-eabi/10.3.1/../../../../arm-none-eabi/lib/thumb/v8-m.main+fp/hard/crt0.o (__libc_init_array)
c:/st/stm32cubeide_1.9.0/stm32cubeide/plugins/com.st.stm32cube.ide.mcu.externaltools.gnu-tools-for-stm32.10.3-2021.10.win32_1.0.0.202111181127/tools/bin/../lib/gcc/arm-none-eabi/10.3.1/../../../../arm-none-eabi/lib/thumb/v8-m.main+fp/hard\libc_nano.a(lib_a-memset.o)
                              c:/st/stm32cubeide_1.9.0/stm32cubeide/plugins/com.st.stm32cube.ide.mcu.externaltools.gnu-tools-for-stm32.10.3-2021.10.win32_1.0.0.202111181127/tools/bin/../lib/gcc/arm-none-eabi/10.3.1/../../../../arm-none-eabi/lib/thumb/v8-m.main+fp/hard/crt0.o (memset)

Discarded input sections

 .text          0x0000000000000000        0x0 c:/st/stm32cubeide_1.9.0/stm32cubeide/plugins/com.st.stm32cube.ide.mcu.externaltools.gnu-tools-for-stm32.10.3-2021.10.win32_1.0.0.202111181127/tools/bin/../lib/gcc/arm-none-eabi/10.3.1/thumb/v8-m.main+fp/hard/crti.o
 .data          0x0000000000000000        0x0 c:/st/stm32cubeide_1.9.0/stm32cubeide/plugins/com.st.stm32cube.ide.mcu.externaltools.gnu-tools-for-stm32.10.3-2021.10.win32_1.0.0.202111181127/tools/bin/../lib/gcc/arm-none-eabi/10.3.1/thumb/v8-m.main+fp/hard/crti.o
 .bss           0x0000000000000000        0x0 c:/st/stm32cubeide_1.9.0/stm32cubeide/plugins/com.st.stm32cube.ide.mcu.externaltools.gnu-tools-for-stm32.10.3-2021.10.win32_1.0.0.202111181127/tools/bin/../lib/gcc/arm-none-eabi/10.3.1/thumb/v8-m.main+fp/hard/crti.o
 .data          0x0000000000000000        0x4 c:/st/stm32cubeide_1.9.0/stm32cubeide/plugins/com.st.stm32cube.ide.mcu.externaltools.gnu-tools-for-stm32.10.3-2021.10.win32_1.0.0.202111181127/tools/bin/../lib/gcc/arm-none-eabi/10.3.1/thumb/v8-m.main+fp/hard/crtbegin.o
 .rodata        0x0000000000000000       0x24 c:/st/stm32cubeide_1.9.0/stm32cubeide/plugins/com.st.stm32cube.ide.mcu.externaltools.gnu-tools-for-stm32.10.3-2021.10.win32_1.0.0.202111181127/tools/bin/../lib/gcc/arm-none-eabi/10.3.1/thumb/v8-m.main+fp/hard/crtbegin.o
 .text          0x0000000000000000       0x7c c:/st/stm32cubeide_1.9.0/stm32cubeide/plugins/com.st.stm32cube.ide.mcu.externaltools.gnu-tools-for-stm32.10.3-2021.10.win32_1.0.0.202111181127/tools/bin/../lib/gcc/arm-none-eabi/10.3.1/../../../../arm-none-eabi/lib/thumb/v8-m.main+fp/hard/crt0.o
 .data          0x0000000000000000        0x0 c:/st/stm32cubeide_1.9.0/stm32cubeide/plugins/com.st.stm32cube.ide.mcu.externaltools.gnu-tools-for-stm32.10.3-2021.10.win32_1.0.0.202111181127/tools/bin/../lib/gcc/arm-none-eabi/10.3.1/../../../../arm-none-eabi/lib/thumb/v8-m.main+fp/hard/crt0.o
 .bss           0x0000000000000000        0x0 c:/st/stm32cubeide_1.9.0/stm32cubeide/plugins/com.st.stm32cube.ide.mcu.externaltools.gnu-tools-for-stm32.10.3-2021.10.win32_1.0.0.202111181127/tools/bin/../lib/gcc/arm-none-eabi/10.3.1/../../../../arm-none-eabi/lib/thumb/v8-m.main+fp/hard/crt0.o
[...]
Memory Configuration

Name             Origin             Length             Attributes
RAM              0x0000000020000000 0x00000000000c0000 xrw
SRAM4            0x0000000028000000 0x0000000000004000 xrw
FLASH            0x0000000008000000 0x0000000000200000 xr
*default*        0x0000000000000000 0xffffffffffffffff

Linker script and memory map

LOAD c:/st/stm32cubeide_1.9.0/stm32cubeide/plugins/com.st.stm32cube.ide.mcu.externaltools.gnu-tools-for-stm32.10.3-2021.10.win32_1.0.0.202111181127/tools/bin/../lib/gcc/arm-none-eabi/10.3.1/thumb/v8-m.main+fp/hard/crti.o
LOAD c:/st/stm32cubeide_1.9.0/stm32cubeide/plugins/com.st.stm32cube.ide.mcu.externaltools.gnu-tools-for-stm32.10.3-2021.10.win32_1.0.0.202111181127/tools/bin/../lib/gcc/arm-none-eabi/10.3.1/thumb/v8-m.main+fp/hard/crtbegin.o
LOAD c:/st/stm32cubeide_1.9.0/stm32cubeide/plugins/com.st.stm32cube.ide.mcu.externaltools.gnu-tools-for-stm32.10.3-2021.10.win32_1.0.0.202111181127/tools/bin/../lib/gcc/arm-none-eabi/10.3.1/../../../../arm-none-eabi/lib/thumb/v8-m.main+fp/hard/crt0.o
LOAD ./Core/Src/main.o
LOAD ./Core/Src/stm32u5xx_hal_msp.o
LOAD ./Core/Src/stm32u5xx_it.o
LOAD ./Core/Src/syscalls.o
LOAD ./Core/Src/sysmem.o
LOAD ./Core/Src/system_stm32u5xx.o
LOAD ./Core/Startup/startup_stm32u585aiixq.o
LOAD ./Drivers/STM32U5xx_HAL_Driver/Src/stm32u5xx_hal.o
LOAD ./Drivers/STM32U5xx_HAL_Driver/Src/stm32u5xx_hal_cortex.o
LOAD ./Drivers/STM32U5xx_HAL_Driver/Src/stm32u5xx_hal_dma.o
LOAD ./Drivers/STM32U5xx_HAL_Driver/Src/stm32u5xx_hal_dma_ex.o
LOAD ./Drivers/STM32U5xx_HAL_Driver/Src/stm32u5xx_hal_exti.o
LOAD ./Drivers/STM32U5xx_HAL_Driver/Src/stm32u5xx_hal_flash.o
LOAD ./Drivers/STM32U5xx_HAL_Driver/Src/stm32u5xx_hal_flash_ex.o
LOAD ./Drivers/STM32U5xx_HAL_Driver/Src/stm32u5xx_hal_gpio.o
LOAD ./Drivers/STM32U5xx_HAL_Driver/Src/stm32u5xx_hal_gtzc.o
LOAD ./Drivers/STM32U5xx_HAL_Driver/Src/stm32u5xx_hal_i2c.o
LOAD ./Drivers/STM32U5xx_HAL_Driver/Src/stm32u5xx_hal_i2c_ex.o
LOAD ./Drivers/STM32U5xx_HAL_Driver/Src/stm32u5xx_hal_icache.o
LOAD ./Drivers/STM32U5xx_HAL_Driver/Src/stm32u5xx_hal_pwr.o
LOAD ./Drivers/STM32U5xx_HAL_Driver/Src/stm32u5xx_hal_pwr_ex.o
LOAD ./Drivers/STM32U5xx_HAL_Driver/Src/stm32u5xx_hal_rcc.o
LOAD ./Drivers/STM32U5xx_HAL_Driver/Src/stm32u5xx_hal_rcc_ex.o
LOAD ./Drivers/STM32U5xx_HAL_Driver/Src/stm32u5xx_hal_tim.o
LOAD ./Drivers/STM32U5xx_HAL_Driver/Src/stm32u5xx_hal_tim_ex.o
START GROUP
LOAD c:/st/stm32cubeide_1.9.0/stm32cubeide/plugins/com.st.stm32cube.ide.mcu.externaltools.gnu-tools-for-stm32.10.3-2021.10.win32_1.0.0.202111181127/tools/bin/../lib/gcc/arm-none-eabi/10.3.1/../../../../arm-none-eabi/lib/thumb/v8-m.main+fp/hard\libc_nano.a
LOAD c:/st/stm32cubeide_1.9.0/stm32cubeide/plugins/com.st.stm32cube.ide.mcu.externaltools.gnu-tools-for-stm32.10.3-2021.10.win32_1.0.0.202111181127/tools/bin/../lib/gcc/arm-none-eabi/10.3.1/../../../../arm-none-eabi/lib/thumb/v8-m.main+fp/hard\libm.a
END GROUP
START GROUP
LOAD c:/st/stm32cubeide_1.9.0/stm32cubeide/plugins/com.st.stm32cube.ide.mcu.externaltools.gnu-tools-for-stm32.10.3-2021.10.win32_1.0.0.202111181127/tools/bin/../lib/gcc/arm-none-eabi/10.3.1/thumb/v8-m.main+fp/hard\libgcc.a
LOAD c:/st/stm32cubeide_1.9.0/stm32cubeide/plugins/com.st.stm32cube.ide.mcu.externaltools.gnu-tools-for-stm32.10.3-2021.10.win32_1.0.0.202111181127/tools/bin/../lib/gcc/arm-none-eabi/10.3.1/../../../../arm-none-eabi/lib/thumb/v8-m.main+fp/hard\libc_nano.a
END GROUP
START GROUP
LOAD c:/st/stm32cubeide_1.9.0/stm32cubeide/plugins/com.st.stm32cube.ide.mcu.externaltools.gnu-tools-for-stm32.10.3-2021.10.win32_1.0.0.202111181127/tools/bin/../lib/gcc/arm-none-eabi/10.3.1/thumb/v8-m.main+fp/hard\libgcc.a
LOAD c:/st/stm32cubeide_1.9.0/stm32cubeide/plugins/com.st.stm32cube.ide.mcu.externaltools.gnu-tools-for-stm32.10.3-2021.10.win32_1.0.0.202111181127/tools/bin/../lib/gcc/arm-none-eabi/10.3.1/../../../../arm-none-eabi/lib/thumb/v8-m.main+fp/hard\libc_nano.a
LOAD c:/st/stm32cubeide_1.9.0/stm32cubeide/plugins/com.st.stm32cube.ide.mcu.externaltools.gnu-tools-for-stm32.10.3-2021.10.win32_1.0.0.202111181127/tools/bin/../lib/gcc/arm-none-eabi/10.3.1/../../../../arm-none-eabi/lib/thumb/v8-m.main+fp/hard\libnosys.a
END GROUP
START GROUP
LOAD c:/st/stm32cubeide_1.9.0/stm32cubeide/plugins/com.st.stm32cube.ide.mcu.externaltools.gnu-tools-for-stm32.10.3-2021.10.win32_1.0.0.202111181127/tools/bin/../lib/gcc/arm-none-eabi/10.3.1/thumb/v8-m.main+fp/hard\libgcc.a
LOAD c:/st/stm32cubeide_1.9.0/stm32cubeide/plugins/com.st.stm32cube.ide.mcu.externaltools.gnu-tools-for-stm32.10.3-2021.10.win32_1.0.0.202111181127/tools/bin/../lib/gcc/arm-none-eabi/10.3.1/../../../../arm-none-eabi/lib/thumb/v8-m.main+fp/hard\libc_nano.a
LOAD c:/st/stm32cubeide_1.9.0/stm32cubeide/plugins/com.st.stm32cube.ide.mcu.externaltools.gnu-tools-for-stm32.10.3-2021.10.win32_1.0.0.202111181127/tools/bin/../lib/gcc/arm-none-eabi/10.3.1/../../../../arm-none-eabi/lib/thumb/v8-m.main+fp/hard\libnosys.a
END GROUP
LOAD c:/st/stm32cubeide_1.9.0/stm32cubeide/plugins/com.st.stm32cube.ide.mcu.externaltools.gnu-tools-for-stm32.10.3-2021.10.win32_1.0.0.202111181127/tools/bin/../lib/gcc/arm-none-eabi/10.3.1/thumb/v8-m.main+fp/hard/crtend.o
LOAD c:/st/stm32cubeide_1.9.0/stm32cubeide/plugins/com.st.stm32cube.ide.mcu.externaltools.gnu-tools-for-stm32.10.3-2021.10.win32_1.0.0.202111181127/tools/bin/../lib/gcc/arm-none-eabi/10.3.1/thumb/v8-m.main+fp/hard/crtn.o
                0x00000000200c0000                _estack = (ORIGIN (RAM) + LENGTH (RAM))
                0x0000000000000200                _Min_Heap_Size = 0x200
                0x0000000000000400                _Min_Stack_Size = 0x400

.isr_vector     0x0000000008000000      0x234
 *(.isr_vector)
 .isr_vector    0x0000000008000000      0x234 ./Core/Startup/startup_stm32u585aiixq.o
                0x0000000008000000                g_pfnVectors

.text           0x0000000008000234     0x267c
 *(.text)
 .text          0x0000000008000234       0x40 c:/st/stm32cubeide_1.9.0/stm32cubeide/plugins/com.st.stm32cube.ide.mcu.externaltools.gnu-tools-for-stm32.10.3-2021.10.win32_1.0.0.202111181127/tools/bin/../lib/gcc/arm-none-eabi/10.3.1/thumb/v8-m.main+fp/hard/crtbegin.o
 *(.text*)
 .text.main     0x0000000008000274       0x34 ./Core/Src/main.o
                0x0000000008000274                main
 .text.SystemClock_Config
                0x00000000080002a8       0xb8 ./Core/Src/main.o
                0x00000000080002a8                SystemClock_Config
 .text.SystemPower_Config
                0x0000000008000360       0x20 ./Core/Src/main.o
 .text.MX_GPIO_Init
                0x0000000008000380      0x578 ./Core/Src/main.o
 .text.Error_Handler
                0x00000000080008f8        0xa ./Core/Src/main.o
                0x00000000080008f8                Error_Handler
 *fill*         0x0000000008000902        0x2 
 .text.HAL_MspInit
                0x0000000008000904       0x34 ./Core/Src/stm32u5xx_hal_msp.o
                0x0000000008000904                HAL_MspInit
 .text.NMI_Handler
                0x0000000008000938        0x6 ./Core/Src/stm32u5xx_it.o
                0x0000000008000938                NMI_Handler
 .text.HardFault_Handler
                0x000000000800093e        0x6 ./Core/Src/stm32u5xx_it.o
                0x000000000800093e                HardFault_Handler
 .text.MemManage_Handler
                0x0000000008000944        0x6 ./Core/Src/stm32u5xx_it.o
                0x0000000008000944                MemManage_Handler
 .text.BusFault_Handler
                0x000000000800094a        0x6 ./Core/Src/stm32u5xx_it.o
                0x000000000800094a                BusFault_Handler
 .text.UsageFault_Handler
                0x0000000008000950        0x6 ./Core/Src/stm32u5xx_it.o
                0x0000000008000950                UsageFault_Handler
 .text.SVC_Handler
                0x0000000008000956        0xe ./Core/Src/stm32u5xx_it.o
                0x0000000008000956                SVC_Handler
 .text.DebugMon_Handler
                0x0000000008000964        0xe ./Core/Src/stm32u5xx_it.o
                0x0000000008000964                DebugMon_Handler
 .text.PendSV_Handler
                0x0000000008000972        0xe ./Core/Src/stm32u5xx_it.o
                0x0000000008000972                PendSV_Handler
 .text.SysTick_Handler
                0x0000000008000980        0xc ./Core/Src/stm32u5xx_it.o
                0x0000000008000980                SysTick_Handler
 .text.SystemInit
                0x000000000800098c       0x70 ./Core/Src/system_stm32u5xx.o
                0x000000000800098c                SystemInit
 .text.Reset_Handler
                0x00000000080009fc       0x50 ./Core/Startup/startup_stm32u585aiixq.o
                0x00000000080009fc                Reset_Handler
 .text.Default_Handler
                0x0000000008000a4c        0x2 ./Core/Startup/startup_stm32u585aiixq.o
                0x0000000008000a4c                EXTI2_IRQHandler
                0x0000000008000a4c                TIM8_TRG_COM_IRQHandler
                0x0000000008000a4c                TIM8_CC_IRQHandler
                0x0000000008000a4c                EXTI5_IRQHandler
                0x0000000008000a4c                FLASH_S_IRQHandler
                0x0000000008000a4c                EXTI13_IRQHandler
                0x0000000008000a4c                TIM1_CC_IRQHandler
                0x0000000008000a4c                TSC_IRQHandler
                0x0000000008000a4c                TAMP_IRQHandler
                0x0000000008000a4c                TIM6_IRQHandler
                0x0000000008000a4c                EXTI12_IRQHandler
                0x0000000008000a4c                CORDIC_IRQHandler
                0x0000000008000a4c                EXTI3_IRQHandler
                0x0000000008000a4c                LPTIM4_IRQHandler
                0x0000000008000a4c                GPDMA1_Channel5_IRQHandler
                0x0000000008000a4c                EXTI8_IRQHandler
                0x0000000008000a4c                LPTIM2_IRQHandler
                0x0000000008000a4c                I2C3_ER_IRQHandler
                0x0000000008000a4c                PWR_S3WU_IRQHandler
                0x0000000008000a4c                MDF1_FLT2_IRQHandler
                0x0000000008000a4c                LPDMA1_Channel3_IRQHandler
                0x0000000008000a4c                LPTIM3_IRQHandler
                0x0000000008000a4c                EXTI0_IRQHandler
                0x0000000008000a4c                I2C2_EV_IRQHandler
                0x0000000008000a4c                FPU_IRQHandler
                0x0000000008000a4c                GPDMA1_Channel3_IRQHandler
                0x0000000008000a4c                GPDMA1_Channel7_IRQHandler
                0x0000000008000a4c                MDF1_FLT4_IRQHandler
                0x0000000008000a4c                FDCAN1_IT1_IRQHandler
                0x0000000008000a4c                RAMCFG_IRQHandler
                0x0000000008000a4c                GPDMA1_Channel9_IRQHandler
                0x0000000008000a4c                DCACHE1_IRQHandler
                0x0000000008000a4c                SPI1_IRQHandler
                0x0000000008000a4c                OCTOSPI1_IRQHandler
                0x0000000008000a4c                GPDMA1_Channel2_IRQHandler
                0x0000000008000a4c                TIM8_UP_IRQHandler
                0x0000000008000a4c                RCC_S_IRQHandler
                0x0000000008000a4c                OCTOSPI2_IRQHandler
                0x0000000008000a4c                SAI2_IRQHandler
                0x0000000008000a4c                MDF1_FLT1_IRQHandler
                0x0000000008000a4c                ADC1_IRQHandler
                0x0000000008000a4c                PKA_IRQHandler
                0x0000000008000a4c                MDF1_FLT5_IRQHandler
                0x0000000008000a4c                EXTI15_IRQHandler
                0x0000000008000a4c                TIM17_IRQHandler
                0x0000000008000a4c                USART3_IRQHandler
                0x0000000008000a4c                RTC_IRQHandler
                0x0000000008000a4c                EXTI9_IRQHandler
                0x0000000008000a4c                UART5_IRQHandler
                0x0000000008000a4c                TIM4_IRQHandler
                0x0000000008000a4c                I2C1_EV_IRQHandler
                0x0000000008000a4c                GPDMA1_Channel12_IRQHandler
                0x0000000008000a4c                GPDMA1_Channel1_IRQHandler
                0x0000000008000a4c                TIM16_IRQHandler
                0x0000000008000a4c                GPDMA1_Channel15_IRQHandler
                0x0000000008000a4c                UART4_IRQHandler
                0x0000000008000a4c                SecureFault_Handler
                0x0000000008000a4c                TIM3_IRQHandler
                0x0000000008000a4c                RCC_IRQHandler
                0x0000000008000a4c                TIM1_TRG_COM_IRQHandler
                0x0000000008000a4c                Default_Handler
                0x0000000008000a4c                GPDMA1_Channel8_IRQHandler
                0x0000000008000a4c                FMAC_IRQHandler
                0x0000000008000a4c                OTFDEC1_IRQHandler
                0x0000000008000a4c                GPDMA1_Channel11_IRQHandler
                0x0000000008000a4c                TIM7_IRQHandler
                0x0000000008000a4c                SDMMC1_IRQHandler
                0x0000000008000a4c                SAES_IRQHandler
                0x0000000008000a4c                TIM5_IRQHandler
                0x0000000008000a4c                UCPD1_IRQHandler
                0x0000000008000a4c                GPDMA1_Channel0_IRQHandler
                0x0000000008000a4c                TIM15_IRQHandler
                0x0000000008000a4c                I2C3_EV_IRQHandler
                0x0000000008000a4c                LPDMA1_Channel0_IRQHandler
                0x0000000008000a4c                PVD_PVM_IRQHandler
                0x0000000008000a4c                SPI2_IRQHandler
                0x0000000008000a4c                LPDMA1_Channel1_IRQHandler
                0x0000000008000a4c                EXTI14_IRQHandler
                0x0000000008000a4c                EXTI11_IRQHandler
                0x0000000008000a4c                OTFDEC2_IRQHandler
                0x0000000008000a4c                CRS_IRQHandler
                0x0000000008000a4c                GPDMA1_Channel14_IRQHandler
                0x0000000008000a4c                EXTI4_IRQHandler
                0x0000000008000a4c                RTC_S_IRQHandler
                0x0000000008000a4c                GPDMA1_Channel13_IRQHandler
                0x0000000008000a4c                RNG_IRQHandler
                0x0000000008000a4c                COMP_IRQHandler
                0x0000000008000a4c                TIM1_UP_IRQHandler
                0x0000000008000a4c                ADC4_IRQHandler
                0x0000000008000a4c                WWDG_IRQHandler
                0x0000000008000a4c                I2C4_EV_IRQHandler
                0x0000000008000a4c                ADF1_IRQHandler
                0x0000000008000a4c                IWDG_IRQHandler
                0x0000000008000a4c                LPUART1_IRQHandler
                0x0000000008000a4c                MDF1_FLT0_IRQHandler
                0x0000000008000a4c                FDCAN1_IT0_IRQHandler
                0x0000000008000a4c                TIM2_IRQHandler
                0x0000000008000a4c                GPDMA1_Channel4_IRQHandler
                0x0000000008000a4c                EXTI7_IRQHandler
                0x0000000008000a4c                DMA2D_IRQHandler
                0x0000000008000a4c                TIM1_BRK_IRQHandler
                0x0000000008000a4c                EXTI1_IRQHandler
                0x0000000008000a4c                SDMMC2_IRQHandler
                0x0000000008000a4c                AES_IRQHandler
                0x0000000008000a4c                DAC1_IRQHandler
                0x0000000008000a4c                GTZC_IRQHandler
                0x0000000008000a4c                MDF1_FLT3_IRQHandler
                0x0000000008000a4c                USART2_IRQHandler
                0x0000000008000a4c                GPDMA1_Channel6_IRQHandler
                0x0000000008000a4c                I2C2_ER_IRQHandler
                0x0000000008000a4c                TIM8_BRK_IRQHandler
                0x0000000008000a4c                FLASH_IRQHandler
                0x0000000008000a4c                USART1_IRQHandler
                0x0000000008000a4c                EXTI10_IRQHandler
                0x0000000008000a4c                OTG_FS_IRQHandler
                0x0000000008000a4c                SPI3_IRQHandler
                0x0000000008000a4c                LPDMA1_Channel2_IRQHandler
                0x0000000008000a4c                I2C1_ER_IRQHandler
                0x0000000008000a4c                FMC_IRQHandler
                0x0000000008000a4c                EXTI6_IRQHandler
                0x0000000008000a4c                LPTIM1_IRQHandler
                0x0000000008000a4c                DCMI_PSSI_IRQHandler
                0x0000000008000a4c                I2C4_ER_IRQHandler
                0x0000000008000a4c                GPDMA1_Channel10_IRQHandler
                0x0000000008000a4c                ICACHE_IRQHandler
                0x0000000008000a4c                SAI1_IRQHandler
                0x0000000008000a4c                HASH_IRQHandler
 *fill*         0x0000000008000a4e        0x2 
 .text.HAL_Init
                0x0000000008000a50       0x5c ./Drivers/STM32U5xx_HAL_Driver/Src/stm32u5xx_hal.o
                0x0000000008000a50                HAL_Init
 .text.HAL_InitTick
                0x0000000008000aac       0x6c ./Drivers/STM32U5xx_HAL_Driver/Src/stm32u5xx_hal.o
                0x0000000008000aac                HAL_InitTick
 .text.HAL_IncTick
                0x0000000008000b18       0x28 ./Drivers/STM32U5xx_HAL_Driver/Src/stm32u5xx_hal.o
                0x0000000008000b18                HAL_IncTick
 .text.HAL_GetTick
                0x0000000008000b40       0x18 ./Drivers/STM32U5xx_HAL_Driver/Src/stm32u5xx_hal.o
                0x0000000008000b40                HAL_GetTick
 .text.HAL_Delay
                0x0000000008000b58       0x48 ./Drivers/STM32U5xx_HAL_Driver/Src/stm32u5xx_hal.o
                0x0000000008000b58                HAL_Delay
 .text.__NVIC_SetPriorityGrouping
                0x0000000008000ba0       0x48 ./Drivers/STM32U5xx_HAL_Driver/Src/stm32u5xx_hal_cortex.o
 .text.__NVIC_GetPriorityGrouping
                0x0000000008000be8       0x1c ./Drivers/STM32U5xx_HAL_Driver/Src/stm32u5xx_hal_cortex.o
 .text.__NVIC_SetPriority
                0x0000000008000c04       0x54 ./Drivers/STM32U5xx_HAL_Driver/Src/stm32u5xx_hal_cortex.o
 .text.NVIC_EncodePriority
                0x0000000008000c58       0x66 ./Drivers/STM32U5xx_HAL_Driver/Src/stm32u5xx_hal_cortex.o
 *fill*         0x0000000008000cbe        0x2 
 .text.SysTick_Config
                0x0000000008000cc0       0x44 ./Drivers/STM32U5xx_HAL_Driver/Src/stm32u5xx_hal_cortex.o
 .text.HAL_NVIC_SetPriorityGrouping
                0x0000000008000d04       0x16 ./Drivers/STM32U5xx_HAL_Driver/Src/stm32u5xx_hal_cortex.o
                0x0000000008000d04                HAL_NVIC_SetPriorityGrouping
 .text.HAL_NVIC_SetPriority
                0x0000000008000d1a       0x34 ./Drivers/STM32U5xx_HAL_Driver/Src/stm32u5xx_hal_cortex.o
                0x0000000008000d1a                HAL_NVIC_SetPriority
 .text.HAL_SYSTICK_Config
                0x0000000008000d4e       0x18 ./Drivers/STM32U5xx_HAL_Driver/Src/stm32u5xx_hal_cortex.o
                0x0000000008000d4e                HAL_SYSTICK_Config
 *fill*         0x0000000008000d66        0x2 
 .text.HAL_GPIO_Init
                0x0000000008000d68      0x3b0 ./Drivers/STM32U5xx_HAL_Driver/Src/stm32u5xx_hal_gpio.o
                0x0000000008000d68                HAL_GPIO_Init
 .text.HAL_GPIO_WritePin
                0x0000000008001118       0x30 ./Drivers/STM32U5xx_HAL_Driver/Src/stm32u5xx_hal_gpio.o
                0x0000000008001118                HAL_GPIO_WritePin
 .text.HAL_GPIO_TogglePin
                0x0000000008001148       0x34 ./Drivers/STM32U5xx_HAL_Driver/Src/stm32u5xx_hal_gpio.o
                0x0000000008001148                HAL_GPIO_TogglePin
 .text.HAL_PWREx_ControlVoltageScaling
                0x000000000800117c       0xe8 ./Drivers/STM32U5xx_HAL_Driver/Src/stm32u5xx_hal_pwr_ex.o
                0x000000000800117c                HAL_PWREx_ControlVoltageScaling
 .text.HAL_PWREx_GetVoltageRange
                0x0000000008001264       0x1c ./Drivers/STM32U5xx_HAL_Driver/Src/stm32u5xx_hal_pwr_ex.o
                0x0000000008001264                HAL_PWREx_GetVoltageRange
 .text.HAL_PWREx_ConfigSupply
                0x0000000008001280       0xa0 ./Drivers/STM32U5xx_HAL_Driver/Src/stm32u5xx_hal_pwr_ex.o
                0x0000000008001280                HAL_PWREx_ConfigSupply
 .text.HAL_PWREx_EnableVddIO2
                0x0000000008001320       0x20 ./Drivers/STM32U5xx_HAL_Driver/Src/stm32u5xx_hal_pwr_ex.o
                0x0000000008001320                HAL_PWREx_EnableVddIO2
 .text.HAL_PWREx_DisableUCPDDeadBattery
                0x0000000008001340       0x20 ./Drivers/STM32U5xx_HAL_Driver/Src/stm32u5xx_hal_pwr_ex.o
                0x0000000008001340                HAL_PWREx_DisableUCPDDeadBattery
 .text.HAL_RCC_OscConfig
                0x0000000008001360      0xdac ./Drivers/STM32U5xx_HAL_Driver/Src/stm32u5xx_hal_rcc.o
                0x0000000008001360                HAL_RCC_OscConfig
 .text.HAL_RCC_ClockConfig
                0x000000000800210c      0x3e4 ./Drivers/STM32U5xx_HAL_Driver/Src/stm32u5xx_hal_rcc.o
                0x000000000800210c                HAL_RCC_ClockConfig
 .text.HAL_RCC_GetSysClockFreq
                0x00000000080024f0      0x210 ./Drivers/STM32U5xx_HAL_Driver/Src/stm32u5xx_hal_rcc.o
                0x00000000080024f0                HAL_RCC_GetSysClockFreq
 .text.HAL_RCC_GetHCLKFreq
                0x0000000008002700       0x34 ./Drivers/STM32U5xx_HAL_Driver/Src/stm32u5xx_hal_rcc.o
                0x0000000008002700                HAL_RCC_GetHCLKFreq
 .text.RCC_SetFlashLatencyFromMSIRange
                0x0000000008002734      0x10c ./Drivers/STM32U5xx_HAL_Driver/Src/stm32u5xx_hal_rcc.o
 .text.__libc_init_array
                0x0000000008002840       0x48 c:/st/stm32cubeide_1.9.0/stm32cubeide/plugins/com.st.stm32cube.ide.mcu.externaltools.gnu-tools-for-stm32.10.3-2021.10.win32_1.0.0.202111181127/tools/bin/../lib/gcc/arm-none-eabi/10.3.1/../../../../arm-none-eabi/lib/thumb/v8-m.main+fp/hard\libc_nano.a(lib_a-init.o)
                0x0000000008002840                __libc_init_array
 .text.memset   0x0000000008002888       0x10 c:/st/stm32cubeide_1.9.0/stm32cubeide/plugins/com.st.stm32cube.ide.mcu.externaltools.gnu-tools-for-stm32.10.3-2021.10.win32_1.0.0.202111181127/tools/bin/../lib/gcc/arm-none-eabi/10.3.1/../../../../arm-none-eabi/lib/thumb/v8-m.main+fp/hard\libc_nano.a(lib_a-memset.o)
                0x0000000008002888                memset
 *(.glue_7)
 .glue_7        0x0000000008002898        0x0 linker stubs
 *(.glue_7t)
 .glue_7t       0x0000000008002898        0x0 linker stubs
 *(.eh_frame)
 .eh_frame      0x0000000008002898        0x0 c:/st/stm32cubeide_1.9.0/stm32cubeide/plugins/com.st.stm32cube.ide.mcu.externaltools.gnu-tools-for-stm32.10.3-2021.10.win32_1.0.0.202111181127/tools/bin/../lib/gcc/arm-none-eabi/10.3.1/thumb/v8-m.main+fp/hard/crtbegin.o
 *(.init)
 .init          0x0000000008002898        0x4 c:/st/stm32cubeide_1.9.0/stm32cubeide/plugins/com.st.stm32cube.ide.mcu.externaltools.gnu-tools-for-stm32.10.3-2021.10.win32_1.0.0.202111181127/tools/bin/../lib/gcc/arm-none-eabi/10.3.1/thumb/v8-m.main+fp/hard/crti.o
                0x0000000008002898                _init
 .init          0x000000000800289c        0x8 c:/st/stm32cubeide_1.9.0/stm32cubeide/plugins/com.st.stm32cube.ide.mcu.externaltools.gnu-tools-for-stm32.10.3-2021.10.win32_1.0.0.202111181127/tools/bin/../lib/gcc/arm-none-eabi/10.3.1/thumb/v8-m.main+fp/hard/crtn.o
 *(.fini)
 .fini          0x00000000080028a4        0x4 c:/st/stm32cubeide_1.9.0/stm32cubeide/plugins/com.st.stm32cube.ide.mcu.externaltools.gnu-tools-for-stm32.10.3-2021.10.win32_1.0.0.202111181127/tools/bin/../lib/gcc/arm-none-eabi/10.3.1/thumb/v8-m.main+fp/hard/crti.o
                0x00000000080028a4                _fini
 .fini          0x00000000080028a8        0x8 c:/st/stm32cubeide_1.9.0/stm32cubeide/plugins/com.st.stm32cube.ide.mcu.externaltools.gnu-tools-for-stm32.10.3-2021.10.win32_1.0.0.202111181127/tools/bin/../lib/gcc/arm-none-eabi/10.3.1/thumb/v8-m.main+fp/hard/crtn.o
                0x00000000080028b0                _etext = .

.vfp11_veneer   0x00000000080028b0        0x0
 .vfp11_veneer  0x00000000080028b0        0x0 linker stubs

.v4_bx          0x00000000080028b0        0x0
 .v4_bx         0x00000000080028b0        0x0 linker stubs

.iplt           0x00000000080028b0        0x0
 .iplt          0x00000000080028b0        0x0 c:/st/stm32cubeide_1.9.0/stm32cubeide/plugins/com.st.stm32cube.ide.mcu.externaltools.gnu-tools-for-stm32.10.3-2021.10.win32_1.0.0.202111181127/tools/bin/../lib/gcc/arm-none-eabi/10.3.1/thumb/v8-m.main+fp/hard/crtbegin.o

.rodata         0x00000000080028b0       0xd0
 *(.rodata)
 *(.rodata*)
 .rodata.AHBPrescTable
                0x00000000080028b0       0x10 ./Core/Src/system_stm32u5xx.o
                0x00000000080028b0                AHBPrescTable
 .rodata.MSIRangeTable
                0x00000000080028c0       0x40 ./Core/Src/system_stm32u5xx.o
                0x00000000080028c0                MSIRangeTable
 .rodata.LPGPIO_Map
                0x0000000008002900       0x80 ./Drivers/STM32U5xx_HAL_Driver/Src/stm32u5xx_hal_gpio.o

.rel.dyn        0x0000000008002980        0x0
 .rel.iplt      0x0000000008002980        0x0 c:/st/stm32cubeide_1.9.0/stm32cubeide/plugins/com.st.stm32cube.ide.mcu.externaltools.gnu-tools-for-stm32.10.3-2021.10.win32_1.0.0.202111181127/tools/bin/../lib/gcc/arm-none-eabi/10.3.1/thumb/v8-m.main+fp/hard/crtbegin.o

.ARM.extab
 *(.ARM.extab* .gnu.linkonce.armextab.*)

.ARM            0x0000000008002980        0x0
                0x0000000008002980                __exidx_start = .
 *(.ARM.exidx*)
                0x0000000008002980                __exidx_end = .

.preinit_array  0x0000000008002980        0x0
                0x0000000008002980                PROVIDE (__preinit_array_start = .)
 *(.preinit_array*)
                0x0000000008002980                PROVIDE (__preinit_array_end = .)

.init_array     0x0000000008002980        0x4
                0x0000000008002980                PROVIDE (__init_array_start = .)
 *(SORT_BY_NAME(.init_array.*))
 *(.init_array*)
 .init_array    0x0000000008002980        0x4 c:/st/stm32cubeide_1.9.0/stm32cubeide/plugins/com.st.stm32cube.ide.mcu.externaltools.gnu-tools-for-stm32.10.3-2021.10.win32_1.0.0.202111181127/tools/bin/../lib/gcc/arm-none-eabi/10.3.1/thumb/v8-m.main+fp/hard/crtbegin.o
                0x0000000008002984                PROVIDE (__init_array_end = .)

.fini_array     0x0000000008002984        0x4
                [!provide]                        PROVIDE (__fini_array_start = .)
 *(SORT_BY_NAME(.fini_array.*))
 *(.fini_array*)
 .fini_array    0x0000000008002984        0x4 c:/st/stm32cubeide_1.9.0/stm32cubeide/plugins/com.st.stm32cube.ide.mcu.externaltools.gnu-tools-for-stm32.10.3-2021.10.win32_1.0.0.202111181127/tools/bin/../lib/gcc/arm-none-eabi/10.3.1/thumb/v8-m.main+fp/hard/crtbegin.o
                [!provide]                        PROVIDE (__fini_array_end = .)
                0x0000000008002988                _sidata = LOADADDR (.data)

.data           0x0000000020000000        0x9 load address 0x0000000008002988
                0x0000000020000000                _sdata = .
 *(.data)
 *(.data*)
 .data.SystemCoreClock
                0x0000000020000000        0x4 ./Core/Src/system_stm32u5xx.o
                0x0000000020000000                SystemCoreClock
 .data.uwTickPrio
                0x0000000020000004        0x4 ./Drivers/STM32U5xx_HAL_Driver/Src/stm32u5xx_hal.o
                0x0000000020000004                uwTickPrio
 .data.uwTickFreq
                0x0000000020000008        0x1 ./Drivers/STM32U5xx_HAL_Driver/Src/stm32u5xx_hal.o
                0x0000000020000008                uwTickFreq
 *(.RamFunc)
 *(.RamFunc*)
                0x0000000020000009                _edata = .

.igot.plt       0x000000002000000c        0x0 load address 0x0000000008002991
 .igot.plt      0x000000002000000c        0x0 c:/st/stm32cubeide_1.9.0/stm32cubeide/plugins/com.st.stm32cube.ide.mcu.externaltools.gnu-tools-for-stm32.10.3-2021.10.win32_1.0.0.202111181127/tools/bin/../lib/gcc/arm-none-eabi/10.3.1/thumb/v8-m.main+fp/hard/crtbegin.o

.bss            0x000000002000000c       0x20 load address 0x0000000008002991
                0x000000002000000c                _sbss = .
                0x000000002000000c                __bss_start__ = _sbss
 *(.bss)
 .bss           0x000000002000000c       0x1c c:/st/stm32cubeide_1.9.0/stm32cubeide/plugins/com.st.stm32cube.ide.mcu.externaltools.gnu-tools-for-stm32.10.3-2021.10.win32_1.0.0.202111181127/tools/bin/../lib/gcc/arm-none-eabi/10.3.1/thumb/v8-m.main+fp/hard/crtbegin.o
 *(.bss*)
 .bss.uwTick    0x0000000020000028        0x4 ./Drivers/STM32U5xx_HAL_Driver/Src/stm32u5xx_hal.o
                0x0000000020000028                uwTick
 *(COMMON)
                0x000000002000002c                _ebss = .
                0x000000002000002c                __bss_end__ = _ebss

._user_heap_stack
                0x000000002000002c      0x604 load address 0x0000000008002991
                0x0000000020000030                . = ALIGN (0x8)
 *fill*         0x000000002000002c        0x4 
                [!provide]                        PROVIDE (end = .)
                0x0000000020000030                PROVIDE (_end = .)
                0x0000000020000230                . = (. + _Min_Heap_Size)
 *fill*         0x0000000020000030      0x200 
                0x0000000020000630                . = (. + _Min_Stack_Size)
 *fill*         0x0000000020000230      0x400 
                0x0000000020000630                . = ALIGN (0x8)

/DISCARD/
 libc.a(*)
 libm.a(*)
 libgcc.a(*)

.ARM.attributes
                0x0000000000000000       0x36
 *(.ARM.attributes)
 .ARM.attributes
                0x0000000000000000       0x22 c:/st/stm32cubeide_1.9.0/stm32cubeide/plugins/com.st.stm32cube.ide.mcu.externaltools.gnu-tools-for-stm32.10.3-2021.10.win32_1.0.0.202111181127/tools/bin/../lib/gcc/arm-none-eabi/10.3.1/thumb/v8-m.main+fp/hard/crti.o
 .ARM.attributes
                0x0000000000000022       0x38 c:/st/stm32cubeide_1.9.0/stm32cubeide/plugins/com.st.stm32cube.ide.mcu.externaltools.gnu-tools-for-stm32.10.3-2021.10.win32_1.0.0.202111181127/tools/bin/../lib/gcc/arm-none-eabi/10.3.1/thumb/v8-m.main+fp/hard/crtbegin.o
 .ARM.attributes
                0x000000000000005a       0x3a ./Core/Src/main.o
 .ARM.attributes
                0x0000000000000094       0x3a ./Core/Src/stm32u5xx_hal_msp.o
 .ARM.attributes
                0x00000000000000ce       0x3a ./Core/Src/stm32u5xx_it.o
 .ARM.attributes
                0x0000000000000108       0x3a ./Core/Src/system_stm32u5xx.o
 .ARM.attributes
                0x0000000000000142       0x24 ./Core/Startup/startup_stm32u585aiixq.o
 .ARM.attributes
                0x0000000000000166       0x3a ./Drivers/STM32U5xx_HAL_Driver/Src/stm32u5xx_hal.o
 .ARM.attributes
                0x00000000000001a0       0x3a ./Drivers/STM32U5xx_HAL_Driver/Src/stm32u5xx_hal_cortex.o
 .ARM.attributes
                0x00000000000001da       0x3a ./Drivers/STM32U5xx_HAL_Driver/Src/stm32u5xx_hal_gpio.o
 .ARM.attributes
                0x0000000000000214       0x3a ./Drivers/STM32U5xx_HAL_Driver/Src/stm32u5xx_hal_pwr_ex.o
 .ARM.attributes
                0x000000000000024e       0x3a ./Drivers/STM32U5xx_HAL_Driver/Src/stm32u5xx_hal_rcc.o
 .ARM.attributes
                0x0000000000000288       0x38 c:/st/stm32cubeide_1.9.0/stm32cubeide/plugins/com.st.stm32cube.ide.mcu.externaltools.gnu-tools-for-stm32.10.3-2021.10.win32_1.0.0.202111181127/tools/bin/../lib/gcc/arm-none-eabi/10.3.1/../../../../arm-none-eabi/lib/thumb/v8-m.main+fp/hard\libc_nano.a(lib_a-init.o)
 .ARM.attributes
                0x00000000000002c0       0x38 c:/st/stm32cubeide_1.9.0/stm32cubeide/plugins/com.st.stm32cube.ide.mcu.externaltools.gnu-tools-for-stm32.10.3-2021.10.win32_1.0.0.202111181127/tools/bin/../lib/gcc/arm-none-eabi/10.3.1/../../../../arm-none-eabi/lib/thumb/v8-m.main+fp/hard\libc_nano.a(lib_a-memset.o)
 .ARM.attributes
                0x00000000000002f8       0x22 c:/st/stm32cubeide_1.9.0/stm32cubeide/plugins/com.st.stm32cube.ide.mcu.externaltools.gnu-tools-for-stm32.10.3-2021.10.win32_1.0.0.202111181127/tools/bin/../lib/gcc/arm-none-eabi/10.3.1/thumb/v8-m.main+fp/hard/crtn.o
OUTPUT(USB.elf elf32-littlearm)
LOAD linker stubs
LOAD c:/st/stm32cubeide_1.9.0/stm32cubeide/plugins/com.st.stm32cube.ide.mcu.externaltools.gnu-tools-for-stm32.10.3-2021.10.win32_1.0.0.202111181127/tools/bin/../lib/gcc/arm-none-eabi/10.3.1/../../../../arm-none-eabi/lib/thumb/v8-m.main+fp/hard\libc.a
LOAD c:/st/stm32cubeide_1.9.0/stm32cubeide/plugins/com.st.stm32cube.ide.mcu.externaltools.gnu-tools-for-stm32.10.3-2021.10.win32_1.0.0.202111181127/tools/bin/../lib/gcc/arm-none-eabi/10.3.1/../../../../arm-none-eabi/lib/thumb/v8-m.main+fp/hard\libm.a
LOAD c:/st/stm32cubeide_1.9.0/stm32cubeide/plugins/com.st.stm32cube.ide.mcu.externaltools.gnu-tools-for-stm32.10.3-2021.10.win32_1.0.0.202111181127/tools/bin/../lib/gcc/arm-none-eabi/10.3.1/thumb/v8-m.main+fp/hard\libgcc.a

.debug_info     0x0000000000000000     0x6bc2
 .debug_info    0x0000000000000000      0xaab ./Core/Src/main.o
 .debug_info    0x0000000000000aab      0x48d ./Core/Src/stm32u5xx_hal_msp.o
 .debug_info    0x0000000000000f38      0x137 ./Core/Src/stm32u5xx_it.o
 .debug_info    0x000000000000106f      0x8f2 ./Core/Src/system_stm32u5xx.o
 .debug_info    0x0000000000001961       0x22 ./Core/Startup/startup_stm32u585aiixq.o
 .debug_info    0x0000000000001983     0x11d3 ./Drivers/STM32U5xx_HAL_Driver/Src/stm32u5xx_hal.o
 .debug_info    0x0000000000002b56     0x15d7 ./Drivers/STM32U5xx_HAL_Driver/Src/stm32u5xx_hal_cortex.o
 .debug_info    0x000000000000412d      0x880 ./Drivers/STM32U5xx_HAL_Driver/Src/stm32u5xx_hal_gpio.o
 .debug_info    0x00000000000049ad      0xe83 ./Drivers/STM32U5xx_HAL_Driver/Src/stm32u5xx_hal_pwr_ex.o
 .debug_info    0x0000000000005830     0x1392 ./Drivers/STM32U5xx_HAL_Driver/Src/stm32u5xx_hal_rcc.o

.debug_abbrev   0x0000000000000000     0x1155
 .debug_abbrev  0x0000000000000000      0x23a ./Core/Src/main.o
 .debug_abbrev  0x000000000000023a       0xda ./Core/Src/stm32u5xx_hal_msp.o
 .debug_abbrev  0x0000000000000314       0x74 ./Core/Src/stm32u5xx_it.o
 .debug_abbrev  0x0000000000000388      0x127 ./Core/Src/system_stm32u5xx.o
 .debug_abbrev  0x00000000000004af       0x12 ./Core/Startup/startup_stm32u585aiixq.o
 .debug_abbrev  0x00000000000004c1      0x285 ./Drivers/STM32U5xx_HAL_Driver/Src/stm32u5xx_hal.o
 .debug_abbrev  0x0000000000000746      0x303 ./Drivers/STM32U5xx_HAL_Driver/Src/stm32u5xx_hal_cortex.o
 .debug_abbrev  0x0000000000000a49      0x246 ./Drivers/STM32U5xx_HAL_Driver/Src/stm32u5xx_hal_gpio.o
 .debug_abbrev  0x0000000000000c8f      0x20d ./Drivers/STM32U5xx_HAL_Driver/Src/stm32u5xx_hal_pwr_ex.o
 .debug_abbrev  0x0000000000000e9c      0x2b9 ./Drivers/STM32U5xx_HAL_Driver/Src/stm32u5xx_hal_rcc.o

.debug_aranges  0x0000000000000000      0x678
 .debug_aranges
                0x0000000000000000       0x40 ./Core/Src/main.o
 .debug_aranges
                0x0000000000000040       0x20 ./Core/Src/stm32u5xx_hal_msp.o
 .debug_aranges
                0x0000000000000060       0x60 ./Core/Src/stm32u5xx_it.o
 .debug_aranges
                0x00000000000000c0       0x28 ./Core/Src/system_stm32u5xx.o
 .debug_aranges
                0x00000000000000e8       0x28 ./Core/Startup/startup_stm32u585aiixq.o
 .debug_aranges
                0x0000000000000110      0x120 ./Drivers/STM32U5xx_HAL_Driver/Src/stm32u5xx_hal.o
 .debug_aranges
                0x0000000000000230      0x130 ./Drivers/STM32U5xx_HAL_Driver/Src/stm32u5xx_hal_cortex.o
 .debug_aranges
                0x0000000000000360       0x70 ./Drivers/STM32U5xx_HAL_Driver/Src/stm32u5xx_hal_gpio.o
 .debug_aranges
                0x00000000000003d0      0x200 ./Drivers/STM32U5xx_HAL_Driver/Src/stm32u5xx_hal_pwr_ex.o
 .debug_aranges
                0x00000000000005d0       0xa8 ./Drivers/STM32U5xx_HAL_Driver/Src/stm32u5xx_hal_rcc.o

.debug_ranges   0x0000000000000000      0x5e0
 .debug_ranges  0x0000000000000000       0x30 ./Core/Src/main.o
 .debug_ranges  0x0000000000000030       0x10 ./Core/Src/stm32u5xx_hal_msp.o
 .debug_ranges  0x0000000000000040       0x50 ./Core/Src/stm32u5xx_it.o
 .debug_ranges  0x0000000000000090       0x18 ./Core/Src/system_stm32u5xx.o
 .debug_ranges  0x00000000000000a8       0x20 ./Core/Startup/startup_stm32u585aiixq.o
 .debug_ranges  0x00000000000000c8      0x110 ./Drivers/STM32U5xx_HAL_Driver/Src/stm32u5xx_hal.o
 .debug_ranges  0x00000000000001d8      0x120 ./Drivers/STM32U5xx_HAL_Driver/Src/stm32u5xx_hal_cortex.o
 .debug_ranges  0x00000000000002f8       0x60 ./Drivers/STM32U5xx_HAL_Driver/Src/stm32u5xx_hal_gpio.o
 .debug_ranges  0x0000000000000358      0x1f0 ./Drivers/STM32U5xx_HAL_Driver/Src/stm32u5xx_hal_pwr_ex.o
 .debug_ranges  0x0000000000000548       0x98 ./Drivers/STM32U5xx_HAL_Driver/Src/stm32u5xx_hal_rcc.o

.debug_macro    0x0000000000000000    0x30352
 .debug_macro   0x0000000000000000      0x254 ./Core/Src/main.o
 .debug_macro   0x0000000000000254      0xa7e ./Core/Src/main.o
 .debug_macro   0x0000000000000cd2      0x1cd ./Core/Src/main.o
 .debug_macro   0x0000000000000e9f       0x2e ./Core/Src/main.o
 .debug_macro   0x0000000000000ecd       0x42 ./Core/Src/main.o
 .debug_macro   0x0000000000000f0f       0x22 ./Core/Src/main.o
 .debug_macro   0x0000000000000f31       0x8e ./Core/Src/main.o
 .debug_macro   0x0000000000000fbf       0x51 ./Core/Src/main.o
 .debug_macro   0x0000000000001010      0x103 ./Core/Src/main.o
 .debug_macro   0x0000000000001113       0x6a ./Core/Src/main.o
 .debug_macro   0x000000000000117d      0x1df ./Core/Src/main.o
 .debug_macro   0x000000000000135c       0x1c ./Core/Src/main.o
 .debug_macro   0x0000000000001378       0x29 ./Core/Src/main.o
 .debug_macro   0x00000000000013a1       0xfb ./Core/Src/main.o
 .debug_macro   0x000000000000149c     0x1336 ./Core/Src/main.o
 .debug_macro   0x00000000000027d2       0x5e ./Core/Src/main.o
 .debug_macro   0x0000000000002830    0x2389c ./Core/Src/main.o
 .debug_macro   0x00000000000260cc       0x6d ./Core/Src/main.o
 .debug_macro   0x0000000000026139     0x3794 ./Core/Src/main.o
 .debug_macro   0x00000000000298cd      0x174 ./Core/Src/main.o
 .debug_macro   0x0000000000029a41       0x52 ./Core/Src/main.o
 .debug_macro   0x0000000000029a93       0x1e ./Core/Src/main.o
 .debug_macro   0x0000000000029ab1       0x3c ./Core/Src/main.o
 .debug_macro   0x0000000000029aed       0x34 ./Core/Src/main.o
 .debug_macro   0x0000000000029b21       0x16 ./Core/Src/main.o
 .debug_macro   0x0000000000029b37       0x43 ./Core/Src/main.o
 .debug_macro   0x0000000000029b7a       0x34 ./Core/Src/main.o
 .debug_macro   0x0000000000029bae       0x10 ./Core/Src/main.o
 .debug_macro   0x0000000000029bbe       0x58 ./Core/Src/main.o
 .debug_macro   0x0000000000029c16       0x71 ./Core/Src/main.o
 .debug_macro   0x0000000000029c87       0x1c ./Core/Src/main.o
 .debug_macro   0x0000000000029ca3      0x12a ./Core/Src/main.o
 .debug_macro   0x0000000000029dcd      0x341 ./Core/Src/main.o
 .debug_macro   0x000000000002a10e      0x19b ./Core/Src/main.o
 .debug_macro   0x000000000002a2a9       0x5d ./Core/Src/main.o
 .debug_macro   0x000000000002a306     0x1bef ./Core/Src/main.o
 .debug_macro   0x000000000002bef5      0x7ff ./Core/Src/main.o
 .debug_macro   0x000000000002c6f4      0x158 ./Core/Src/main.o
 .debug_macro   0x000000000002c84c      0x2aa ./Core/Src/main.o
 .debug_macro   0x000000000002caf6      0x5a5 ./Core/Src/main.o
 .debug_macro   0x000000000002d09b      0x432 ./Core/Src/main.o
 .debug_macro   0x000000000002d4cd       0xd6 ./Core/Src/main.o
 .debug_macro   0x000000000002d5a3      0x1cd ./Core/Src/main.o
 .debug_macro   0x000000000002d770      0x432 ./Core/Src/main.o
 .debug_macro   0x000000000002dba2       0x95 ./Core/Src/main.o
 .debug_macro   0x000000000002dc37      0x11c ./Core/Src/main.o
 .debug_macro   0x000000000002dd53      0x517 ./Core/Src/main.o
 .debug_macro   0x000000000002e26a      0x4d4 ./Core/Src/main.o
 .debug_macro   0x000000000002e73e      0x1b7 ./Core/Src/main.o
 .debug_macro   0x000000000002e8f5      0x361 ./Core/Src/main.o
 .debug_macro   0x000000000002ec56      0x324 ./Core/Src/main.o
 .debug_macro   0x000000000002ef7a      0x254 ./Core/Src/stm32u5xx_hal_msp.o
 .debug_macro   0x000000000002f1ce      0x25e ./Core/Src/stm32u5xx_it.o
 .debug_macro   0x000000000002f42c      0x24c ./Core/Src/system_stm32u5xx.o
 .debug_macro   0x000000000002f678      0x269 ./Drivers/STM32U5xx_HAL_Driver/Src/stm32u5xx_hal.o
 .debug_macro   0x000000000002f8e1      0x245 ./Drivers/STM32U5xx_HAL_Driver/Src/stm32u5xx_hal_cortex.o
 .debug_macro   0x000000000002fb26      0x277 ./Drivers/STM32U5xx_HAL_Driver/Src/stm32u5xx_hal_gpio.o
 .debug_macro   0x000000000002fd9d      0x270 ./Drivers/STM32U5xx_HAL_Driver/Src/stm32u5xx_hal_pwr_ex.o
 .debug_macro   0x000000000003000d      0x345 ./Drivers/STM32U5xx_HAL_Driver/Src/stm32u5xx_hal_rcc.o

.debug_line     0x0000000000000000     0x6eb0
 .debug_line    0x0000000000000000      0xa26 ./Core/Src/main.o
 .debug_line    0x0000000000000a26      0x781 ./Core/Src/stm32u5xx_hal_msp.o
 .debug_line    0x00000000000011a7      0x845 ./Core/Src/stm32u5xx_it.o
 .debug_line    0x00000000000019ec      0x87b ./Core/Src/system_stm32u5xx.o
 .debug_line    0x0000000000002267       0x86 ./Core/Startup/startup_stm32u585aiixq.o
 .debug_line    0x00000000000022ed      0xb45 ./Drivers/STM32U5xx_HAL_Driver/Src/stm32u5xx_hal.o
 .debug_line    0x0000000000002e32      0xd8a ./Drivers/STM32U5xx_HAL_Driver/Src/stm32u5xx_hal_cortex.o
 .debug_line    0x0000000000003bbc      0xccf ./Drivers/STM32U5xx_HAL_Driver/Src/stm32u5xx_hal_gpio.o
 .debug_line    0x000000000000488b     0x1108 ./Drivers/STM32U5xx_HAL_Driver/Src/stm32u5xx_hal_pwr_ex.o
 .debug_line    0x0000000000005993     0x151d ./Drivers/STM32U5xx_HAL_Driver/Src/stm32u5xx_hal_rcc.o

.debug_str      0x0000000000000000   0x12dd5b
 .debug_str     0x0000000000000000   0x12aae2 ./Core/Src/main.o
                                     0x12b5b9 (size before relaxing)
 .debug_str     0x000000000012aae2       0x2c ./Core/Src/stm32u5xx_hal_msp.o
                                     0x12b20c (size before relaxing)
 .debug_str     0x000000000012ab0e       0xc9 ./Core/Src/stm32u5xx_it.o
                                     0x12b059 (size before relaxing)
 .debug_str     0x000000000012abd7      0x1b8 ./Core/Src/system_stm32u5xx.o
                                     0x12a5b9 (size before relaxing)
 .debug_str     0x000000000012ad8f       0x37 ./Core/Startup/startup_stm32u585aiixq.o
                                         0x64 (size before relaxing)
 .debug_str     0x000000000012adc6      0xe33 ./Drivers/STM32U5xx_HAL_Driver/Src/stm32u5xx_hal.o
                                     0x12b39c (size before relaxing)
 .debug_str     0x000000000012bbf9      0x3d0 ./Drivers/STM32U5xx_HAL_Driver/Src/stm32u5xx_hal_cortex.o
                                     0x12b1c3 (size before relaxing)
 .debug_str     0x000000000012bfc9      0x2b9 ./Drivers/STM32U5xx_HAL_Driver/Src/stm32u5xx_hal_gpio.o
                                     0x12a5c0 (size before relaxing)
 .debug_str     0x000000000012c282      0x807 ./Drivers/STM32U5xx_HAL_Driver/Src/stm32u5xx_hal_pwr_ex.o
                                     0x12acef (size before relaxing)
 .debug_str     0x000000000012ca89     0x12d2 ./Drivers/STM32U5xx_HAL_Driver/Src/stm32u5xx_hal_rcc.o
                                     0x12bc90 (size before relaxing)

.comment        0x0000000000000000       0x50
 .comment       0x0000000000000000       0x50 ./Core/Src/main.o
                                         0x51 (size before relaxing)
 .comment       0x0000000000000050       0x51 ./Core/Src/stm32u5xx_hal_msp.o
 .comment       0x0000000000000050       0x51 ./Core/Src/stm32u5xx_it.o
 .comment       0x0000000000000050       0x51 ./Core/Src/system_stm32u5xx.o
 .comment       0x0000000000000050       0x51 ./Drivers/STM32U5xx_HAL_Driver/Src/stm32u5xx_hal.o
 .comment       0x0000000000000050       0x51 ./Drivers/STM32U5xx_HAL_Driver/Src/stm32u5xx_hal_cortex.o
 .comment       0x0000000000000050       0x51 ./Drivers/STM32U5xx_HAL_Driver/Src/stm32u5xx_hal_gpio.o
 .comment       0x0000000000000050       0x51 ./Drivers/STM32U5xx_HAL_Driver/Src/stm32u5xx_hal_pwr_ex.o
 .comment       0x0000000000000050       0x51 ./Drivers/STM32U5xx_HAL_Driver/Src/stm32u5xx_hal_rcc.o

.debug_frame    0x0000000000000000     0x1894
 .debug_frame   0x0000000000000000       0xb0 ./Core/Src/main.o
 .debug_frame   0x00000000000000b0       0x38 ./Core/Src/stm32u5xx_hal_msp.o
 .debug_frame   0x00000000000000e8      0x104 ./Core/Src/stm32u5xx_it.o
 .debug_frame   0x00000000000001ec       0x58 ./Core/Src/system_stm32u5xx.o
 .debug_frame   0x0000000000000244      0x460 ./Drivers/STM32U5xx_HAL_Driver/Src/stm32u5xx_hal.o
 .debug_frame   0x00000000000006a4      0x508 ./Drivers/STM32U5xx_HAL_Driver/Src/stm32u5xx_hal_cortex.o
 .debug_frame   0x0000000000000bac      0x1c4 ./Drivers/STM32U5xx_HAL_Driver/Src/stm32u5xx_hal_gpio.o
 .debug_frame   0x0000000000000d70      0x84c ./Drivers/STM32U5xx_HAL_Driver/Src/stm32u5xx_hal_pwr_ex.o
 .debug_frame   0x00000000000015bc      0x28c ./Drivers/STM32U5xx_HAL_Driver/Src/stm32u5xx_hal_rcc.o
 .debug_frame   0x0000000000001848       0x2c c:/st/stm32cubeide_1.9.0/stm32cubeide/plugins/com.st.stm32cube.ide.mcu.externaltools.gnu-tools-for-stm32.10.3-2021.10.win32_1.0.0.202111181127/tools/bin/../lib/gcc/arm-none-eabi/10.3.1/../../../../arm-none-eabi/lib/thumb/v8-m.main+fp/hard\libc_nano.a(lib_a-init.o)
 .debug_frame   0x0000000000001874       0x20 c:/st/stm32cubeide_1.9.0/stm32cubeide/plugins/com.st.stm32cube.ide.mcu.externaltools.gnu-tools-for-stm32.10.3-2021.10.win32_1.0.0.202111181127/tools/bin/../lib/gcc/arm-none-eabi/10.3.1/../../../../arm-none-eabi/lib/thumb/v8-m.main+fp/hard\libc_nano.a(lib_a-memset.o)
